scope 109 Fed.Cl. 1  (2 document(s), 2 issue(s): clause 1, external 1)
  c037 of 109FedCl1_real_estate_option_agreement [1.1] -> external (May 10,2007 email (Exhibit L))
      Without the unfiled email, the reader cannot compare the parties’ actual attempted method of notice 
scope 118 F.Supp.3d 802  (1 document(s), 2 issue(s): clause 2)
scope 129 F.Supp.3d 782  (1 document(s), 3 issue(s): contract 3)
scope 122 F.Supp.3d 1157  (2 document(s), 5 issue(s): clause 2, contract 1, external 2)
  c044 of 122FSupp3d1157_broker_dealer_agreement [1.1] -> external (FINRA Statement of Claim and 2006 Swap Agreements or related transaction materials)
      The agreement shows the auction and bond-issuance context, but determining whether later swap-relate
  c044 of 122FSupp3d1157_broker_dealer_agreement [1.1] -> external (FINRA Statement of Claim and evidence concerning the 2006 swaps and alleged advisory relationship)
      Whether the pleaded tort, fiduciary-duty, and swap claims are causally rooted in the ARS issuance ra
scope 161 F.Supp.3d 970  (1 document(s), 6 issue(s): clause 2, contract 4)
scope 2 F.Supp.3d 296  (1 document(s), 4 issue(s): clause 3, contract 1)
scope 11 F.Supp.3d 1062  (1 document(s), 6 issue(s): clause 3, contract 3)
scope 20 F.Supp.3d 709  (1 document(s), 4 issue(s): clause 4)
scope 215 F.Supp.3d 756  (1 document(s), 2 issue(s): clause 1, contract 1)
scope 226 F.Supp.3d 719  (2 document(s), 2 issue(s): contract 2)
scope 18 F.Supp.3d 456  (1 document(s), 8 issue(s): clause 6, contract 2)
scope 177 F.Supp.3d 561  (3 document(s), 13 issue(s): clause 4, contract 5, external 4)
  c049 of 177FSupp3d561_2013_14_handbook [2.2] -> external (Brandeis University Records Policy,incorporated by reference but not filed)
      The filed handbook supplies the cross-references, but the absent Records Policy supplies the access 
  c064 of 177FSupp3d561_2013_14_handbook [2.2] -> external (Brandeis University Records Policy,incorporated by reference but not filed)
      The Special Examiner cross-reference is in the same handbook, but Doe’s resulting access right depen
  c075 of 177FSupp3d561_2013_14_handbook [2.2] -> external (Brandeis University Records Policy,incorporated by reference but not filed)
      The other records provisions are in the handbook, but determining access under Section 19.6.j requir
  c174 of 177FSupp3d561_2013_14_handbook [2.2] -> external (Brandeis University Records Policy,incorporated by reference but not filed)
      The incorporated handbook sections identify the relevant records framework, but the absent Records P
scope 266 F.Supp.3d 666  (1 document(s), 2 issue(s): clause 2)
scope 266 F.Supp.3d 961  (1 document(s), 1 issue(s): clause 1)
scope 268 F.Supp.3d 61  (1 document(s), 6 issue(s): clause 2, contract 4)
scope 268 F.Supp.3d 471  (1 document(s), 8 issue(s): clause 1, external 7)
  c059 of 268FSupp3d471_federal_executive_protection [1.1] -> external (Evidence of the telephone call,spoofed emails,and employee approval steps)
      Without the transaction sequence, a reader could not assess whether those intervening acts broke the
  c068 of 268FSupp3d471_federal_executive_protection [1.1] -> external (Evidence of how the spoofed emails induced the employees to complete the transfer)
      The clause does not reveal the case-specific causal chain between the Computer Violation and Medidat
  c070 of 268FSupp3d471_federal_executive_protection [1.1] -> external (Evidence of the spoofing method,Medidata’s open inbox,and access to its email system)
      Whether the emails constituted deceitful unauthorized entry rather than ordinary receipt of public e
  c070 of 268FSupp3d471_federal_executive_protection [1.1] -> external (Technical evidence about the spoofing code and Gmail’s processing and display behavior)
      The clause alone cannot show whether the code changed data or merely caused Gmail to process and dis
  c079 of 268FSupp3d471_federal_executive_protection [1.1] -> external (The spoofed emails and evidence of how the president’s name was displayed)
      Whether the displayed name was an electronically produced signature depends on the form and operatio
  c080 of 268FSupp3d471_federal_executive_protection [1.1] -> external (Evidence that Medidata employees entered the transfer after receiving the impostor’s directions)
      The distinction between instructions actually and purportedly issued by Medidata turns on who create
  c080 of 268FSupp3d471_federal_executive_protection [1.1] -> external (Evidence of the employees’ initiation and approval of the transfer and the deception procuring them)
      Whether Medidata consented despite its employees’ deliberate actions depends on the case-specific fa
scope 303 F.Supp.3d 236  (4 document(s), 2 issue(s): clause 1, contract 1)
scope 252 F.Supp.3d 52  (2 document(s), 6 issue(s): contract 2, case 3, external 1)
  c267 of 252FSupp3d52_agreement_for_network_operator [1.1] -> case (252FSupp3d52_guaranty_agreement)
      Without the Guaranty, the reader cannot see why Section 11.2 binds Axia NetMedia as guarantor or bar
  c267 of 252FSupp3d52_agreement_for_network_operator [2.2] -> case (252FSupp3d52_guaranty_agreement)
      The Guaranty’s incorporation language is necessary to determine whether the Network Operator Agreeme
  c020 of 252FSupp3d52_guaranty_agreement [1.1] -> case (252FSupp3d52_agreement_for_network_operator)
      The reader must see Section 11.2 of the Network Operator Agreement to determine whether it is an inc
  c020 of 252FSupp3d52_guaranty_agreement [1.1] -> external (April 28,2017 mediation letter and motion-filing chronology)
      The clause establishes the mediation prerequisite, but the reader needs the parties’ mediation effor
scope 328 F.Supp.3d 317  (2 document(s), 2 issue(s): clause 2)
scope 299 F.Supp.3d 836  (1 document(s), 3 issue(s): clause 1, contract 2)
scope 298 F.R.D. 417  (1 document(s), 2 issue(s): clause 2)
scope 364 F.Supp.3d 990  (3 document(s), 6 issue(s): clause 2, contract 4)
scope 359 F.Supp.3d 268  (1 document(s), 20 issue(s): clause 15, contract 5)
scope 390 F.Supp.3d 645  (1 document(s), 3 issue(s): clause 1, contract 1, external 1)
  c008 of 390FSupp3d645_the_agreement [1.1] -> external (consent restraining order between the United States and Shaw (ECF No. 26-3))
      Without the consent restraining order, the reader cannot see the case-specific basis for claiming th
scope 467 F.Supp.2d 115  (2 document(s), 2 issue(s): clause 2)
scope 565 B.R. 241  (2 document(s), 2 issue(s): clause 2)
scope 57 F.Supp.3d 920  (1 document(s), 2 issue(s): contract 2)
scope 562 F.Supp.2d 260  (1 document(s), 4 issue(s): clause 3, external 1)
  c002 of 562FSupp2d260_settlement_agreement_the_agreement [1.1] -> external (Argus Media publications and promotional materials showing its publication of energy-company stock prices)
      Without evidence of what Argus Media actually published, a reader could not identify the particular 
scope 68 F.Supp.3d 317  (2 document(s), 3 issue(s): clause 1, contract 2)
scope 694 F.Supp.2d 106  (1 document(s), 2 issue(s): clause 2)
scope 35 F.Supp.3d 725  (3 document(s), 34 issue(s): clause 1, case 23, external 10)
  c002 of 35FSupp3d725_confirmations [1.1] -> case (35FSupp3d725_master_repurchase_agreement_mra)
      The MRA’s separate Market Value definition and agreed-source limitation are needed to distinguish MB
  c020 of 35FSupp3d725_confirmations [1.1] -> case (35FSupp3d725_master_repurchase_agreement_mra)
      The MRA is needed to identify the separately defined MBS Market Value whose relationship to Terminat
  c020 of 35FSupp3d725_confirmations [1.1] -> external (evidence explaining the Repo Unwind Charge and Barclays’ internal financing spread)
      The clause alone does not reveal that Barclays imposed this charge, what internal spread it represen
  c024 of 35FSupp3d725_confirmations [1.1] -> case (35FSupp3d725_master_repurchase_agreement_mra)
      Only the MRA assigns MBS Market Value to a generally recognized source agreed to by the parties, all
  c037 of 35FSupp3d725_confirmations [1.1] -> case (35FSupp3d725_master_repurchase_agreement_mra)
      The MRA’s separate Market Value definition and agreed-source limitation are needed to distinguish MB
  c054 of 35FSupp3d725_confirmations [1.1] -> case (35FSupp3d725_master_repurchase_agreement_mra)
      The MRA is needed to identify the separately defined MBS Market Value whose relationship to Terminat
  c054 of 35FSupp3d725_confirmations [1.1] -> external (evidence explaining the Repo Unwind Charge and Barclays’ internal financing spread)
      The clause alone does not reveal that Barclays imposed this charge, what internal spread it represen
  c058 of 35FSupp3d725_confirmations [1.1] -> case (35FSupp3d725_master_repurchase_agreement_mra)
      Only the MRA assigns MBS Market Value to a generally recognized source agreed to by the parties, all
  c071 of 35FSupp3d725_confirmations [1.1] -> case (35FSupp3d725_master_repurchase_agreement_mra)
      The MRA’s separate Market Value definition and agreed-source limitation are needed to distinguish MB
  c088 of 35FSupp3d725_confirmations [1.1] -> case (35FSupp3d725_master_repurchase_agreement_mra)
      The MRA is needed to identify the separately defined MBS Market Value whose relationship to Terminat
  c088 of 35FSupp3d725_confirmations [1.1] -> external (evidence explaining the Repo Unwind Charge and Barclays’ internal financing spread)
      The clause alone does not reveal that Barclays imposed this charge, what internal spread it represen
  c092 of 35FSupp3d725_confirmations [1.1] -> case (35FSupp3d725_master_repurchase_agreement_mra)
      Only the MRA assigns MBS Market Value to a generally recognized source agreed to by the parties, all
  c104 of 35FSupp3d725_confirmations [1.1] -> case (35FSupp3d725_master_repurchase_agreement_mra)
      The MRA’s separate Market Value definition and agreed-source limitation are needed to distinguish MB
  c122 of 35FSupp3d725_confirmations [1.1] -> case (35FSupp3d725_master_repurchase_agreement_mra)
      The MRA is needed to identify the separately defined MBS Market Value whose relationship to Terminat
  c122 of 35FSupp3d725_confirmations [1.1] -> external (evidence explaining the Repo Unwind Charge and Barclays’ internal financing spread)
      The clause alone does not reveal that Barclays imposed this charge, what internal spread it represen
  c138 of 35FSupp3d725_confirmations [1.1] -> case (35FSupp3d725_master_repurchase_agreement_mra)
      The MRA’s separate Market Value definition and agreed-source limitation are needed to distinguish MB
  c154 of 35FSupp3d725_confirmations [1.1] -> case (35FSupp3d725_master_repurchase_agreement_mra)
      The MRA is needed to identify the separately defined MBS Market Value whose relationship to Terminat
  c154 of 35FSupp3d725_confirmations [1.1] -> external (evidence explaining the Repo Unwind Charge and Barclays’ internal financing spread)
      The clause alone does not reveal that Barclays imposed this charge, what internal spread it represen
  c158 of 35FSupp3d725_confirmations [1.1] -> case (35FSupp3d725_master_repurchase_agreement_mra)
      Only the MRA assigns MBS Market Value to a generally recognized source agreed to by the parties, all
  c171 of 35FSupp3d725_confirmations [1.1] -> case (35FSupp3d725_master_repurchase_agreement_mra)
      The MRA’s separate Market Value definition and agreed-source limitation are needed to distinguish MB
  c188 of 35FSupp3d725_confirmations [1.1] -> case (35FSupp3d725_master_repurchase_agreement_mra)
      The MRA is needed to identify the separately defined MBS Market Value whose relationship to Terminat
  c188 of 35FSupp3d725_confirmations [1.1] -> external (evidence explaining the Repo Unwind Charge and Barclays’ internal financing spread)
      The clause alone does not reveal that Barclays imposed this charge, what internal spread it represen
  c192 of 35FSupp3d725_confirmations [1.1] -> case (35FSupp3d725_master_repurchase_agreement_mra)
      Only the MRA assigns MBS Market Value to a generally recognized source agreed to by the parties, all
  c205 of 35FSupp3d725_confirmations [1.1] -> case (35FSupp3d725_master_repurchase_agreement_mra)
      The MRA’s separate Market Value definition and agreed-source limitation are needed to distinguish MB
  c223 of 35FSupp3d725_confirmations [1.1] -> case (35FSupp3d725_master_repurchase_agreement_mra)
      The MRA is needed to identify the separately defined MBS Market Value whose relationship to Terminat
  c223 of 35FSupp3d725_confirmations [1.1] -> external (evidence explaining the Repo Unwind Charge and Barclays’ internal financing spread)
      The clause alone does not reveal that Barclays imposed this charge, what internal spread it represen
  c227 of 35FSupp3d725_confirmations [1.1] -> case (35FSupp3d725_master_repurchase_agreement_mra)
      Only the MRA assigns MBS Market Value to a generally recognized source agreed to by the parties, all
  c240 of 35FSupp3d725_confirmations [1.1] -> case (35FSupp3d725_master_repurchase_agreement_mra)
      The MRA’s separate Market Value definition and agreed-source limitation are needed to distinguish MB
  c258 of 35FSupp3d725_confirmations [1.1] -> case (35FSupp3d725_master_repurchase_agreement_mra)
      The MRA is needed to identify the separately defined MBS Market Value whose relationship to Terminat
  c258 of 35FSupp3d725_confirmations [1.1] -> external (evidence explaining the Repo Unwind Charge and Barclays’ internal financing spread)
      The clause alone does not reveal that Barclays imposed this charge, what internal spread it represen
  c262 of 35FSupp3d725_confirmations [1.1] -> case (35FSupp3d725_master_repurchase_agreement_mra)
      Only the MRA assigns MBS Market Value to a generally recognized source agreed to by the parties, all
  c011 of 35FSupp3d725_master_repurchase_agreement_mra [1.1] -> external (the parties’ margin-call communications and other course-of-dealing evidence)
      Without evidence of the parties’ conduct and intentions, a reader cannot assess whether they actuall
  c043 of 35FSupp3d725_master_repurchase_agreement_mra [1.1] -> external (evidence about the BWIC bidders,bids,and the auction’s good faith and commercial reasonableness)
      The clause does not identify the BWIC or show whether its bidders and resulting prices qualified as 
scope 527 B.R. 351  (4 document(s), 11 issue(s): clause 3, contract 5, external 3)
  c189 of 527BR351_loan_and_security_agreement [1.1] -> external (evidence of Wells Fargo’s use of the cash-management accounts and access to MF08 financial information)
      The deposit requirements alone do not show that Wells Fargo actually learned MF08’s financial condit
  c190 of 527BR351_loan_and_security_agreement [1.1] -> external (evidence of Wells Fargo’s account activity and access to MF08 financial information)
      Although the clause grants disposition and sweep authority, evidence of how that authority exposed W
  c062 of 527BR351_secured_promissory_note_purchase [1.1] -> external (MF08’s customary underwriting criteria and evidence Wells Fargo knew them and the transferred loans’ deficiencies)
      The clause does not identify the customary criteria, whether the loans violated them, or whether Wel
scope 571 F.Supp.2d 59  (2 document(s), 3 issue(s): clause 1, contract 1, case 1)
  c008 of 571FSupp2d59_airtime_royalty_agreement [1.1] -> case (571FSupp2d59_master_royalty_and_use)
      The Master Agreement’s option and availability provisions are needed to identify the Clearwire arran
scope 702 F.Supp.2d 921  (1 document(s), 1 issue(s): clause 1)
scope 779 F.Supp.2d 416  (1 document(s), 1 issue(s): contract 1)
scope 774 F.Supp.2d 1073  (1 document(s), 2 issue(s): clause 2)
scope 78 F.Supp.3d 520  (1 document(s), 1 issue(s): external 1)
  c006 of 78FSupp3d520_consent_j [2.2] -> external (Exhibits E and E-1,incorporated by reference but not filed)
      Without the omitted Enforcement Terms and compliance Metrics, the reader cannot see the negotiated e
scope 785 F.Supp.2d 188  (2 document(s), 8 issue(s): clause 1, contract 7)
scope 787 F.Supp.2d 118  (1 document(s), 1 issue(s): clause 1)
scope 694 F.Supp.2d 794  (2 document(s), 10 issue(s): clause 4, contract 5, external 1)
  c011 of 694FSupp2d794_umbrella_liability_policy_number [1.1] -> external (Primary Policy HPP-1996-4104-00 and its prejudgment-interest endorsement,not provided)
      The exclusion applies only if the statutory interest was covered by underlying insurance, which cann
scope 814 F.Supp.2d 930  (1 document(s), 4 issue(s): contract 4)
scope 817 F.Supp.2d 1357  (2 document(s), 2 issue(s): clause 2)
scope 809 F.Supp.2d 582  (2 document(s), 4 issue(s): clause 3, contract 1)
scope 767 F.Supp.2d 1191  (7 document(s), 20 issue(s): clause 3, contract 5, case 11, external 1)
  c019 of 767FSupp2d1191_confidential_memorandum_for_the [2.2] -> case (767FSupp2d1191_october_24_2000_declaration)
      The Declaration’s Section 5.2 supplies the competing authority to make redemption payments in securi
  c020 of 767FSupp2d1191_confidential_memorandum_for_the [2.2] -> case (767FSupp2d1191_october_24_2000_declaration)
      The Declaration supplies the gross-negligence threshold that conflicts with the memorandum’s simple-
  c029 of 767FSupp2d1191_confidential_memorandum_for_the_2 [2.2] -> case (767FSupp2d1191_october_24_2000_declaration)
      The Declaration’s Section 5.2 supplies the competing authority to satisfy redemptions with securitie
  c030 of 767FSupp2d1191_confidential_memorandum_for_the_2 [2.2] -> case (767FSupp2d1191_october_24_2000_declaration)
      The Declaration supplies the gross-negligence threshold that conflicts with the memorandum’s simple-
  c025 of 767FSupp2d1191_october_24_2000_declaration [2.2] -> case (767FSupp2d1191_securities_lending_agreement_sla)
      The SLA supplies the later, specific safety-of-principal and liquidity standards that qualify the De
  c041 of 767FSupp2d1191_october_24_2000_declaration [2.2] -> case (767FSupp2d1191_confidential_memorandum_for_the,767FSupp2d1191_confidential_memorandum_for_the_2)
      The two fund memoranda contain the competing promises that redeemed shares would be paid in cash.
  c049 of 767FSupp2d1191_october_24_2000_declaration [1.1] -> case (767FSupp2d1191_securities_lending_agreement_sla)
      The SLA supplies the governing safety-and-liquidity investment standard whose violation raises the u
  c049 of 767FSupp2d1191_october_24_2000_declaration [2.2] -> case (767FSupp2d1191_securities_lending_agreement_sla,767FSupp2d1191_confidential_memorandum_for_the,767FSupp2d1191_confidential_memorandum_for_the_2)
      The SLA and both fund memoranda supply the simple-negligence standards that conflict with the Declar
  c006 of 767FSupp2d1191_securities_lending_agreement_sla [2.2] -> case (767FSupp2d1191_october_24_2000_declaration)
      The Declaration supplies the broader grant of investment discretion that is in tension with the SLA’
  c006 of 767FSupp2d1191_securities_lending_agreement_sla [2.2] -> case (767FSupp2d1191_confidential_memorandum_for_the,767FSupp2d1191_confidential_memorandum_for_the_2)
      The fund memoranda supply the express mortgage-backed, asset-backed, and corporate-debt authorizatio
  c013 of 767FSupp2d1191_securities_lending_agreement_sla [2.2] -> case (767FSupp2d1191_october_24_2000_declaration)
      The Declaration supplies the purported gross-negligence threshold that conflicts with the SLA’s negl
  c014 of 767FSupp2d1191_subscription_agreement [1.1] -> external (Wells Fargo’s post-April 2006 representations underlying the fraud claims)
      The clause shows its treatment of furnished documents, but determining its effect on the asserted la
scope 874 F.Supp.2d 328  (4 document(s), 4 issue(s): clause 2, contract 1, case 1)
  c121 of 874FSupp2d328_mortgage_loan_purchase_agreement [2.2] -> case (874FSupp2d328_insurance_and_indemnity_agreement,874FSupp2d328_sale_and_servicing_agreement)
      Without the I & I default provision and the SSA provision contemplating repurchase of nondefaulting 
scope 88 F.Supp.3d 1156  (1 document(s), 6 issue(s): clause 2, contract 4)
scope 894 F.3d 509  (1 document(s), 1 issue(s): contract 1)
scope 864 F.Supp.2d 1023  (2 document(s), 28 issue(s): clause 20, contract 8)
scope 88 F.Supp.3d 27  (1 document(s), 4 issue(s): clause 4)
scope 951 F.Supp.2d 826  (2 document(s), 4 issue(s): external 4)
  c029 of 951FSupp2d826_2010_2011_policy [1.1] -> external (February 3,2011 email from Reich’s counsel,not included among the filed contracts)
      Without the email, a reader cannot determine that the asserted demand was first made orally and then
  c029 of 951FSupp2d826_2010_2011_policy [1.1] -> external (February 3,2011 email from Reich’s counsel,not included among the filed contracts)
      Without the email, a reader cannot see its informality, settlement amount, or absence of a deadline 
  c031 of 951FSupp2d826_2011_2012_policy [1.1] -> external (February 3,2011 email from Reich’s counsel,not included among the filed contracts)
      Without the email, a reader cannot determine that the asserted demand was first made orally and then
  c031 of 951FSupp2d826_2011_2012_policy [1.1] -> external (February 3,2011 email from Reich’s counsel,not included among the filed contracts)
      Without the email, a reader cannot see its informality, settlement amount, or absence of a deadline 
scope 97 F.Supp.3d 548  (2 document(s), 1 issue(s): contract 1)
scope 808 F.Supp.2d 552  (1 document(s), 14 issue(s): clause 9, contract 5)
scope 982 F.Supp.2d 518  (2 document(s), 2 issue(s): clause 2)
scope 976 F.Supp.2d 606  (2 document(s), 2 issue(s): clause 1, contract 1)
scope 99 F.Supp.3d 585  (1 document(s), 3 issue(s): clause 2, external 1)
  c109 of 99FSupp3d585_asset_purchase_and_product [1.1] -> external (Complaint allegations and claims against Galderma S.A.)
      Without the substance and factual basis of Skold’s noncontractual claims against S.A., a reader coul
scope 940 F.Supp.2d 123  (2 document(s), 6 issue(s): clause 1, external 5)
  c073 of 940FSupp2d123_the_agreement [1.1] -> external (Missing continuation of the Agreement containing Article 13,especially §§ 13.02 and 13.16)
      Without the omitted definitions of “Records” and “Normal Retail Channels,” the reader cannot determi
  c074 of 940FSupp2d123_the_agreement [1.1] -> external (Missing continuation of the Agreement containing Article 13,especially §§ 13.02 and 13.16)
      Without the omitted definitions of “Records” and “Normal Retail Channels,” the reader cannot determi
  c075 of 940FSupp2d123_the_agreement [1.1] -> external (Missing continuation of the Agreement containing Article 13,especially §§ 13.02 and 13.16)
      Without the omitted definitions of “Records” and “Normal Retail Channels,” the reader cannot determi
  c076 of 940FSupp2d123_the_agreement [1.1] -> external (Missing continuation of the Agreement containing Article 13,especially §§ 13.02 and 13.16)
      Without the omitted definitions of “Records” and “Normal Retail Channels,” the reader cannot determi
  c077 of 940FSupp2d123_the_agreement [1.1] -> external (Missing continuation of the Agreement containing Article 13,especially §§ 13.02 and 13.16)
      Without the omitted definitions of “Records” and “Normal Retail Channels,” the reader cannot determi
  -> output\issue_scope.json
  merged 56 unit(s) -> output\issue_scope.json, shards removed

56 cases | 310 issues scoped | 0 warning(s)
  risk type 1 (235): clause 124 (53%)  contract 46 (20%)  case 27 (11%)  external 38 (16%)
  risk type 2 (75): clause 9 (12%)  contract 49 (65%)  case 12 (16%)  external 5 (7%)
  43 issue(s) need a document the corpus does not hold
